#
# There is insufficient memory for the Java Runtime Environment to continue.
# Native memory allocation (mmap) failed to map 67108864 bytes. Error detail: G1 virtual space
# Possible reasons:
#   The system is out of physical RAM or swap space
#   This process is running with CompressedOops enabled, and the Java Heap may be blocking the growth of the native heap
# Possible solutions:
#   Reduce memory load on the system
#   Increase physical memory or swap space
#   Check if swap backing store is full
#   Decrease Java heap size (-Xmx/-Xms)
#   Decrease number of Java threads
#   Decrease Java thread stack sizes (-Xss)
#   Set larger code cache with -XX:ReservedCodeCacheSize=
#   JVM is running with Unscaled Compressed Oops mode in which the Java heap is
#     placed in the first 4GB address space. The Java Heap base address is the
#     maximum limit for the native heap growth. Please use -XX:HeapBaseMinAddress
#     to set the Java Heap base and to place the Java Heap above 4GB virtual address.
# This output file may be truncated or incomplete.
#
#  Out of Memory Error (os_windows.cpp:3702), pid=9956, tid=7496
#
# JRE version:  (17.0.20.1+1) (build )
# Java VM: OpenJDK 64-Bit Server VM (17.0.20.1+1-LTS, mixed mode, sharing, tiered, compressed oops, compressed class ptrs, g1 gc, windows-amd64)
# No core dump will be written. Minidumps are not enabled by default on client versions of Windows
#

---------------  S U M M A R Y ------------

Command Line: -Xmx64m -Xms64m -Dorg.gradle.appname=gradlew org.gradle.wrapper.GradleWrapperMain --version

Host: Intel(R) Core(TM) i5-7200U CPU @ 2.50GHz, 4 cores, 7G,  Windows 11 , 64 bit Build 28000 (10.0.28000.1830)
Time: Sat Sep 26 17:12:04 2026  Windows 11 , 64 bit Build 28000 (10.0.28000.1830) elapsed time: 0.129171 seconds (0d 0h 0m 0s)

---------------  T H R E A D  ---------------

Current thread (0x0000008000a34390):  JavaThread "Unknown thread" [_thread_in_vm, id=7496, stack(0x00000080008f0000,0x00000080009f0000)]

Stack: [0x00000080008f0000,0x00000080009f0000]
Native frames: (J=compiled Java code, j=interpreted, Vv=VM code, C=native code)
V  [jvm.dll+0x68d159]  (no source info available)
V  [jvm.dll+0x8462c9]  (no source info available)
V  [jvm.dll+0x84803b]  (no source info available)
V  [jvm.dll+0x8486c3]  (no source info available)
V  [jvm.dll+0x24d12f]  (no source info available)
V  [jvm.dll+0x68c559]  (no source info available)
V  [jvm.dll+0x68084a]  (no source info available)
V  [jvm.dll+0x3103f0]  (no source info available)
V  [jvm.dll+0x310292]  (no source info available)
V  [jvm.dll+0x317809]  (no source info available)
V  [jvm.dll+0x369b89]  (no source info available)
V  [jvm.dll+0x369dbd]  (no source info available)
V  [jvm.dll+0x2e6bfa]  (no source info available)
V  [jvm.dll+0x2e7b08]  (no source info available)
V  [jvm.dll+0x81906e]  (no source info available)
V  [jvm.dll+0x3777f1]  (no source info available)
V  [jvm.dll+0x7f7685]  (no source info available)
V  [jvm.dll+0x3fd64b]  (no source info available)
V  [jvm.dll+0x3ff281]  (no source info available)
C  [jli.dll+0x52f8]  (no source info available)
C  [ucrtbase.dll+0x27930]  (no source info available)
C  [KERNEL32.DLL+0x35c17]  (no source info available)
C  [ntdll.dll+0x86940]  (no source info available)


---------------  P R O C E S S  ---------------

Threads class SMR info:
_java_thread_list=0x00007ffd185a7058, length=0, elements={
}

Java Threads: ( => current thread )

Other Threads:
  0x0000008000a54330 GCTaskThread "GC Thread#0" [stack: 0x000000800fde0000,0x000000800fee0000] [id=10664]
  0x0000008000a55a90 ConcurrentGCThread "G1 Main Marker" [stack: 0x000000800fee0000,0x000000800ffe0000] [id=9596]
  0x0000008000a57180 ConcurrentGCThread "G1 Conc#0" [stack: 0x000000800ffe0000,0x00000080100e0000] [id=10316]

[error occurred during error reporting (printing all threads), id 0xc0000005, EXCEPTION_ACCESS_VIOLATION (0xc0000005) at pc=0x00007ffd17d57737]

VM state: not at safepoint (not fully initialized)

VM Mutex/Monitor currently owned by a thread:  ([mutex/lock_event])
[0x0000008000a2f530] Heap_lock - owner thread: 0x0000008000a34390

Heap address: 0x00000000fc000000, size: 64 MB, Compressed Oops mode: 32-bit

CDS archive(s) mapped at: [0x0000000000000000-0x0000000000000000-0x0000000000000000), size 0, SharedBaseAddress: 0x0000000800000000, ArchiveRelocationMode: 1.
Narrow klass base: 0x0000000000000000, Narrow klass shift: 0, Narrow klass range: 0x0

GC Precious Log:
<Empty>

Heap:
 garbage-first heap   total 0K, used 0K [0x00000000fc000000, 0x0000000100000000)
  region size 1024K, 0 young (0K), 0 survivors (0K)

[error occurred during error reporting (printing heap information), id 0xc0000005, EXCEPTION_ACCESS_VIOLATION (0xc0000005) at pc=0x00007ffd18149229]

GC Heap History (0 events):
No events

Dll operation events (1 events):
Event: 0.006 Loaded shared library C:\Program Files\Microsoft\jdk-17.0.20.101-hotspot\bin\java.dll

Deoptimization events (0 events):
No events

Classes loaded (0 events):
No events

Classes unloaded (0 events):
No events

Classes redefined (0 events):
No events

Internal exceptions (0 events):
No events

VM Operations (0 events):
No events

Memory protections (0 events):
No events

Nmethod flushes (0 events):
No events

Events (0 events):
No events


Dynamic libraries:
0x00007ff651f20000 - 0x00007ff651f2e000 	C:\Program Files\Microsoft\jdk-17.0.20.101-hotspot\bin\java.exe
0x00007ffd953a0000 - 0x00007ffd95601000 	C:\Windows\SYSTEM32\ntdll.dll
0x00007ffd93090000 - 0x00007ffd93159000 	C:\Windows\System32\KERNEL32.DLL
0x00007ffd92930000 - 0x00007ffd92d2b000 	C:\Windows\System32\KERNELBASE.dll
0x00007ffd925d0000 - 0x00007ffd9271f000 	C:\Windows\System32\ucrtbase.dll
0x00007ffd751f0000 - 0x00007ffd7520e000 	C:\Program Files\Microsoft\jdk-17.0.20.101-hotspot\bin\VCRUNTIME140.dll
0x00007ffd7f020000 - 0x00007ffd7f038000 	C:\Program Files\Microsoft\jdk-17.0.20.101-hotspot\bin\jli.dll
0x00007ffd93d30000 - 0x00007ffd93ef7000 	C:\Windows\System32\USER32.dll
0x00007ffd81800000 - 0x00007ffd81a97000 	C:\Windows\WinSxS\amd64_microsoft.windows.common-controls_6595b64144ccf1df_6.0.28000.1830_none_cc80e3a823a37df4\COMCTL32.dll
0x00007ffd91d10000 - 0x00007ffd91d37000 	C:\Windows\System32\win32u.dll
0x00007ffd93b10000 - 0x00007ffd93bb9000 	C:\Windows\System32\msvcrt.dll
0x00007ffd94700000 - 0x00007ffd94733000 	C:\Windows\System32\GDI32.dll
0x00007ffd92d30000 - 0x00007ffd92e57000 	C:\Windows\System32\gdi32full.dll
0x00007ffd927e0000 - 0x00007ffd92884000 	C:\Windows\System32\msvcp_win.dll
0x00007ffd94740000 - 0x00007ffd947e5000 	C:\Windows\System32\sechost.dll
0x00007ffd945d0000 - 0x00007ffd94601000 	C:\Windows\System32\IMM32.DLL
0x00007ffd80050000 - 0x00007ffd8005c000 	C:\Program Files\Microsoft\jdk-17.0.20.101-hotspot\bin\vcruntime140_1.dll
0x00007ffd6bf10000 - 0x00007ffd6bf99000 	C:\Program Files\Microsoft\jdk-17.0.20.101-hotspot\bin\msvcp140.dll
0x00007ffd17a60000 - 0x00007ffd186db000 	C:\Program Files\Microsoft\jdk-17.0.20.101-hotspot\bin\server\jvm.dll
0x00007ffd94510000 - 0x00007ffd945cc000 	C:\Windows\System32\ADVAPI32.dll
0x00007ffd943f0000 - 0x00007ffd9450a000 	C:\Windows\System32\RPCRT4.dll
0x00007ffd93f00000 - 0x00007ffd93f80000 	C:\Windows\System32\WS2_32.dll
0x00007ffd91980000 - 0x00007ffd919df000 	C:\Windows\SYSTEM32\POWRPROF.dll
0x00007ffd857d0000 - 0x00007ffd857db000 	C:\Windows\SYSTEM32\VERSION.dll
0x00007ffd81aa0000 - 0x00007ffd81ad5000 	C:\Windows\SYSTEM32\WINMM.dll
0x00007ffd91960000 - 0x00007ffd9197a000 	C:\Windows\SYSTEM32\UMPDC.dll
0x00007ffd907d0000 - 0x00007ffd907eb000 	C:\Windows\SYSTEM32\kernel.appcore.dll
0x00007ffd7feb0000 - 0x00007ffd7feba000 	C:\Program Files\Microsoft\jdk-17.0.20.101-hotspot\bin\jimage.dll
0x00007ffd7e310000 - 0x00007ffd7e5e2000 	C:\Windows\SYSTEM32\DBGHELP.DLL
0x00007ffd93f90000 - 0x00007ffd94315000 	C:\Windows\System32\combase.dll
0x00007ffd94b10000 - 0x00007ffd94bea000 	C:\Windows\System32\OLEAUT32.dll
0x00007ffd72f10000 - 0x00007ffd72f5a000 	C:\Windows\SYSTEM32\dbgcore.DLL
0x00007ffd92730000 - 0x00007ffd927cf000 	C:\Windows\System32\bcryptPrimitives.dll
0x00007ffd6d6f0000 - 0x00007ffd6d716000 	C:\Program Files\Microsoft\jdk-17.0.20.101-hotspot\bin\java.dll

dbghelp: loaded successfully - version: 4.0.5 - missing functions: none
symbol engine: initialized successfully - sym options: 0x614 - pdb path: .;C:\Program Files\Microsoft\jdk-17.0.20.101-hotspot\bin;C:\Windows\SYSTEM32;C:\Windows\WinSxS\amd64_microsoft.windows.common-controls_6595b64144ccf1df_6.0.28000.1830_none_cc80e3a823a37df4;C:\Program Files\Microsoft\jdk-17.0.20.101-hotspot\bin\server

VM Arguments:
jvm_args: -Xmx64m -Xms64m -Dorg.gradle.appname=gradlew 
java_command: org.gradle.wrapper.GradleWrapperMain --version
java_class_path (initial): D:\OpenCode\SyncNote\android\\gradle\wrapper\gradle-wrapper.jar
Launcher Type: SUN_STANDARD

[Global flags]
     intx CICompilerCount                          = 3                                         {product} {ergonomic}
     uint ConcGCThreads                            = 1                                         {product} {ergonomic}
     uint G1ConcRefinementThreads                  = 4                                         {product} {ergonomic}
   size_t G1HeapRegionSize                         = 1048576                                   {product} {ergonomic}
    uintx GCDrainStackTargetSize                   = 64                                        {product} {ergonomic}
   size_t InitialHeapSize                          = 67108864                                  {product} {command line}
   size_t MarkStackSize                            = 4194304                                   {product} {ergonomic}
   size_t MaxHeapSize                              = 67108864                                  {product} {command line}
   size_t MinHeapDeltaBytes                        = 1048576                                   {product} {ergonomic}
   size_t MinHeapSize                              = 67108864                                  {product} {command line}
    uintx NonNMethodCodeHeapSize                   = 5832780                                {pd product} {ergonomic}
    uintx NonProfiledCodeHeapSize                  = 122912730                              {pd product} {ergonomic}
    uintx ProfiledCodeHeapSize                     = 122912730                              {pd product} {ergonomic}
    uintx ReservedCodeCacheSize                    = 251658240                              {pd product} {ergonomic}
     bool SegmentedCodeCache                       = true                                      {product} {ergonomic}
   size_t SoftMaxHeapSize                          = 67108864                               {manageable} {ergonomic}
     bool UseCompressedClassPointers               = true                           {product lp64_product} {ergonomic}
     bool UseCompressedOops                        = true                           {product lp64_product} {ergonomic}
     bool UseG1GC                                  = true                                      {product} {ergonomic}
     bool UseLargePagesIndividualAllocation        = false                                  {pd product} {ergonomic}

Logging:
Log output configuration:
 #0: stdout all=warning uptime,level,tags
 #1: stderr all=off uptime,level,tags

Environment Variables:
JAVA_HOME=C:\Program Files\Microsoft\jdk-17.0.20.101-hotspot
CLASSPATH=D:\OpenCode\SyncNote\android\\gradle\wrapper\gradle-wrapper.jar
PATH=C:\Windows\system32;C:\Windows;C:\Windows\System32\Wbem;C:\Windows\System32\WindowsPowerShell\v1.0\;C:\Windows\System32\OpenSSH\;C:\Program Files\Git\cmd;C:\Users\ALEX\AppData\Local\Programs\Python\Python312\Scripts\;C:\Users\ALEX\AppData\Local\Programs\Python\Python312\;C:\Users\ALEX\AppData\Local\Microsoft\WindowsApps;C:\Program Files\JetBrains\PyCharm 2026.1\bin;D:\OpenCode\YT_translate_video_Yandex\tools\ffmpeg\bin;D:\OpenCode\YT_translate_video_Yandex\tools\vot
USERNAME=ALEX
TERM=xterm-256color
OS=Windows_NT
PROCESSOR_IDENTIFIER=Intel64 Family 6 Model 142 Stepping 9, GenuineIntel
TMP=C:\Users\ALEX\AppData\Local\Temp
TEMP=C:\Users\ALEX\AppData\Local\Temp



Periodic native trim disabled


---------------  S Y S T E M  ---------------

OS:
 Windows 11 , 64 bit Build 28000 (10.0.28000.1830)
OS uptime: 0 days 3:19 hours
Hyper-V role detected

CPU: total 4 (initial active 4) (2 cores per cpu, 2 threads per core) family 6 model 142 stepping 9 microcode 0xde, cx8, cmov, fxsr, ht, mmx, 3dnowpref, sse, sse2, sse3, ssse3, sse4.1, sse4.2, popcnt, lzcnt, tsc, tscinvbit, avx, avx2, aes, erms, clmul, bmi1, bmi2, adx, fma, vzeroupper, clflush, clflushopt, hv
Processor Information for the first 4 processors :
  Max Mhz: 2712, Current Mhz: 2511, Mhz Limit: 2495

Memory: 4k page, system-wide physical 8101M (733M free)
TotalPageFile size 8101M (AvailPageFile size 6M)
current process WorkingSet (physical memory assigned to process): 12M, peak: 12M
current process commit charge ("private bytes"): 51M, peak: 115M

vm_info: OpenJDK 64-Bit Server VM (17.0.20.1+1-LTS) for windows-amd64 JRE (17.0.20.1+1-LTS), built on Aug 11 2026 20:17:22 by "MicrosoftCorporation" with MS VC++ 17.14 (VS2022)

END.
